Archive member included to satisfy reference by file (symbol)

e:/workspace/clion/gcc-arm-none-eabi-10.3-2021.10/bin/../lib/gcc/arm-none-eabi/10.3.1/../../../../arm-none-eabi/lib/thumb/v7-m/nofp\libg.a(lib_a-errno.o)
                              CMakeFiles/oled.elf.dir/Core/Src/syscalls.c.obj (__errno)
e:/workspace/clion/gcc-arm-none-eabi-10.3-2021.10/bin/../lib/gcc/arm-none-eabi/10.3.1/../../../../arm-none-eabi/lib/thumb/v7-m/nofp\libg.a(lib_a-exit.o)
                              e:/workspace/clion/gcc-arm-none-eabi-10.3-2021.10/bin/../lib/gcc/arm-none-eabi/10.3.1/../../../../arm-none-eabi/lib/thumb/v7-m/nofp/crt0.o (exit)
e:/workspace/clion/gcc-arm-none-eabi-10.3-2021.10/bin/../lib/gcc/arm-none-eabi/10.3.1/../../../../arm-none-eabi/lib/thumb/v7-m/nofp\libg.a(lib_a-impure.o)
                              e:/workspace/clion/gcc-arm-none-eabi-10.3-2021.10/bin/../lib/gcc/arm-none-eabi/10.3.1/../../../../arm-none-eabi/lib/thumb/v7-m/nofp\libg.a(lib_a-exit.o) (_global_impure_ptr)
e:/workspace/clion/gcc-arm-none-eabi-10.3-2021.10/bin/../lib/gcc/arm-none-eabi/10.3.1/../../../../arm-none-eabi/lib/thumb/v7-m/nofp\libg.a(lib_a-init.o)
                              e:/workspace/clion/gcc-arm-none-eabi-10.3-2021.10/bin/../lib/gcc/arm-none-eabi/10.3.1/../../../../arm-none-eabi/lib/thumb/v7-m/nofp/crt0.o (__libc_init_array)
e:/workspace/clion/gcc-arm-none-eabi-10.3-2021.10/bin/../lib/gcc/arm-none-eabi/10.3.1/../../../../arm-none-eabi/lib/thumb/v7-m/nofp\libg.a(lib_a-memset.o)
                              e:/workspace/clion/gcc-arm-none-eabi-10.3-2021.10/bin/../lib/gcc/arm-none-eabi/10.3.1/../../../../arm-none-eabi/lib/thumb/v7-m/nofp/crt0.o (memset)
e:/workspace/clion/gcc-arm-none-eabi-10.3-2021.10/bin/../lib/gcc/arm-none-eabi/10.3.1/../../../../arm-none-eabi/lib/thumb/v7-m/nofp\libg.a(lib_a-__call_atexit.o)
                              e:/workspace/clion/gcc-arm-none-eabi-10.3-2021.10/bin/../lib/gcc/arm-none-eabi/10.3.1/../../../../arm-none-eabi/lib/thumb/v7-m/nofp\libg.a(lib_a-exit.o) (__call_exitprocs)
e:/workspace/clion/gcc-arm-none-eabi-10.3-2021.10/bin/../lib/gcc/arm-none-eabi/10.3.1/../../../../arm-none-eabi/lib/thumb/v7-m/nofp\libg.a(lib_a-atexit.o)
                              e:/workspace/clion/gcc-arm-none-eabi-10.3-2021.10/bin/../lib/gcc/arm-none-eabi/10.3.1/../../../../arm-none-eabi/lib/thumb/v7-m/nofp\libg.a(lib_a-__call_atexit.o) (atexit)
e:/workspace/clion/gcc-arm-none-eabi-10.3-2021.10/bin/../lib/gcc/arm-none-eabi/10.3.1/../../../../arm-none-eabi/lib/thumb/v7-m/nofp\libg.a(lib_a-fini.o)
                              e:/workspace/clion/gcc-arm-none-eabi-10.3-2021.10/bin/../lib/gcc/arm-none-eabi/10.3.1/../../../../arm-none-eabi/lib/thumb/v7-m/nofp\libg.a(lib_a-__call_atexit.o) (__libc_fini_array)
e:/workspace/clion/gcc-arm-none-eabi-10.3-2021.10/bin/../lib/gcc/arm-none-eabi/10.3.1/../../../../arm-none-eabi/lib/thumb/v7-m/nofp\libg.a(lib_a-lock.o)
                              e:/workspace/clion/gcc-arm-none-eabi-10.3-2021.10/bin/../lib/gcc/arm-none-eabi/10.3.1/../../../../arm-none-eabi/lib/thumb/v7-m/nofp\libg.a(lib_a-__call_atexit.o) (__retarget_lock_acquire_recursive)
e:/workspace/clion/gcc-arm-none-eabi-10.3-2021.10/bin/../lib/gcc/arm-none-eabi/10.3.1/../../../../arm-none-eabi/lib/thumb/v7-m/nofp\libg.a(lib_a-__atexit.o)
                              e:/workspace/clion/gcc-arm-none-eabi-10.3-2021.10/bin/../lib/gcc/arm-none-eabi/10.3.1/../../../../arm-none-eabi/lib/thumb/v7-m/nofp\libg.a(lib_a-atexit.o) (__register_exitproc)

Discarded input sections

 .text          0x00000000        0x0 e:/workspace/clion/gcc-arm-none-eabi-10.3-2021.10/bin/../lib/gcc/arm-none-eabi/10.3.1/thumb/v7-m/nofp/crti.o
 .data          0x00000000        0x0 e:/workspace/clion/gcc-arm-none-eabi-10.3-2021.10/bin/../lib/gcc/arm-none-eabi/10.3.1/thumb/v7-m/nofp/crti.o
 .bss           0x00000000        0x0 e:/workspace/clion/gcc-arm-none-eabi-10.3-2021.10/bin/../lib/gcc/arm-none-eabi/10.3.1/thumb/v7-m/nofp/crti.o
 .data          0x00000000        0x4 e:/workspace/clion/gcc-arm-none-eabi-10.3-2021.10/bin/../lib/gcc/arm-none-eabi/10.3.1/thumb/v7-m/nofp/crtbegin.o
 .rodata        0x00000000       0x24 e:/workspace/clion/gcc-arm-none-eabi-10.3-2021.10/bin/../lib/gcc/arm-none-eabi/10.3.1/thumb/v7-m/nofp/crtbegin.o
 .text          0x00000000       0x7c e:/workspace/clion/gcc-arm-none-eabi-10.3-2021.10/bin/../lib/gcc/arm-none-eabi/10.3.1/../../../../arm-none-eabi/lib/thumb/v7-m/nofp/crt0.o
 .data          0x00000000        0x0 e:/workspace/clion/gcc-arm-none-eabi-10.3-2021.10/bin/../lib/gcc/arm-none-eabi/10.3.1/../../../../arm-none-eabi/lib/thumb/v7-m/nofp/crt0.o
 .bss           0x00000000        0x0 e:/workspace/clion/gcc-arm-none-eabi-10.3-2021.10/bin/../lib/gcc/arm-none-eabi/10.3.1/../../../../arm-none-eabi/lib/thumb/v7-m/nofp/crt0.o
 .ARM.extab     0x00000000        0x0 e:/workspace/clion/gcc-arm-none-eabi-10.3-2021.10/bin/../lib/gcc/arm-none-eabi/10.3.1/../../../../arm-none-eabi/lib/thumb/v7-m/nofp/crt0.o
[...]
Memory Configuration

Name             Origin             Length             Attributes
RAM              0x20000000         0x00005000         xrw
FLASH            0x08000000         0x00010000         xr
*default*        0x00000000         0xffffffff

Linker script and memory map

LOAD e:/workspace/clion/gcc-arm-none-eabi-10.3-2021.10/bin/../lib/gcc/arm-none-eabi/10.3.1/thumb/v7-m/nofp/crti.o
LOAD e:/workspace/clion/gcc-arm-none-eabi-10.3-2021.10/bin/../lib/gcc/arm-none-eabi/10.3.1/thumb/v7-m/nofp/crtbegin.o
LOAD e:/workspace/clion/gcc-arm-none-eabi-10.3-2021.10/bin/../lib/gcc/arm-none-eabi/10.3.1/../../../../arm-none-eabi/lib/thumb/v7-m/nofp/crt0.o
LOAD CMakeFiles/oled.elf.dir/Core/Src/font.c.obj
LOAD CMakeFiles/oled.elf.dir/Core/Src/gpio.c.obj
LOAD CMakeFiles/oled.elf.dir/Core/Src/i2c.c.obj
LOAD CMakeFiles/oled.elf.dir/Core/Src/main.c.obj
LOAD CMakeFiles/oled.elf.dir/Core/Src/oled.c.obj
LOAD CMakeFiles/oled.elf.dir/Core/Src/stm32f1xx_hal_msp.c.obj
LOAD CMakeFiles/oled.elf.dir/Core/Src/stm32f1xx_it.c.obj
LOAD CMakeFiles/oled.elf.dir/Core/Src/syscalls.c.obj
LOAD CMakeFiles/oled.elf.dir/Core/Src/sysmem.c.obj
LOAD CMakeFiles/oled.elf.dir/Core/Src/system_stm32f1xx.c.obj
LOAD CMakeFiles/oled.elf.dir/Core/Src/usart.c.obj
LOAD CMakeFiles/oled.elf.dir/Core/Startup/startup_stm32f103c8tx.s.obj
LOAD CMakeFiles/oled.elf.dir/Drivers/STM32F1xx_HAL_Driver/Src/stm32f1xx_hal.c.obj
LOAD CMakeFiles/oled.elf.dir/Drivers/STM32F1xx_HAL_Driver/Src/stm32f1xx_hal_cortex.c.obj
LOAD CMakeFiles/oled.elf.dir/Drivers/STM32F1xx_HAL_Driver/Src/stm32f1xx_hal_dma.c.obj
LOAD CMakeFiles/oled.elf.dir/Drivers/STM32F1xx_HAL_Driver/Src/stm32f1xx_hal_exti.c.obj
LOAD CMakeFiles/oled.elf.dir/Drivers/STM32F1xx_HAL_Driver/Src/stm32f1xx_hal_flash.c.obj
LOAD CMakeFiles/oled.elf.dir/Drivers/STM32F1xx_HAL_Driver/Src/stm32f1xx_hal_flash_ex.c.obj
LOAD CMakeFiles/oled.elf.dir/Drivers/STM32F1xx_HAL_Driver/Src/stm32f1xx_hal_gpio.c.obj
LOAD CMakeFiles/oled.elf.dir/Drivers/STM32F1xx_HAL_Driver/Src/stm32f1xx_hal_gpio_ex.c.obj
LOAD CMakeFiles/oled.elf.dir/Drivers/STM32F1xx_HAL_Driver/Src/stm32f1xx_hal_i2c.c.obj
LOAD CMakeFiles/oled.elf.dir/Drivers/STM32F1xx_HAL_Driver/Src/stm32f1xx_hal_pwr.c.obj
LOAD CMakeFiles/oled.elf.dir/Drivers/STM32F1xx_HAL_Driver/Src/stm32f1xx_hal_rcc.c.obj
LOAD CMakeFiles/oled.elf.dir/Drivers/STM32F1xx_HAL_Driver/Src/stm32f1xx_hal_rcc_ex.c.obj
LOAD CMakeFiles/oled.elf.dir/Drivers/STM32F1xx_HAL_Driver/Src/stm32f1xx_hal_tim.c.obj
LOAD CMakeFiles/oled.elf.dir/Drivers/STM32F1xx_HAL_Driver/Src/stm32f1xx_hal_tim_ex.c.obj
LOAD CMakeFiles/oled.elf.dir/Drivers/STM32F1xx_HAL_Driver/Src/stm32f1xx_hal_uart.c.obj
START GROUP
LOAD e:/workspace/clion/gcc-arm-none-eabi-10.3-2021.10/bin/../lib/gcc/arm-none-eabi/10.3.1/thumb/v7-m/nofp\libgcc.a
LOAD e:/workspace/clion/gcc-arm-none-eabi-10.3-2021.10/bin/../lib/gcc/arm-none-eabi/10.3.1/../../../../arm-none-eabi/lib/thumb/v7-m/nofp\libg.a
LOAD e:/workspace/clion/gcc-arm-none-eabi-10.3-2021.10/bin/../lib/gcc/arm-none-eabi/10.3.1/../../../../arm-none-eabi/lib/thumb/v7-m/nofp\libc.a
END GROUP
LOAD e:/workspace/clion/gcc-arm-none-eabi-10.3-2021.10/bin/../lib/gcc/arm-none-eabi/10.3.1/thumb/v7-m/nofp/crtend.o
LOAD e:/workspace/clion/gcc-arm-none-eabi-10.3-2021.10/bin/../lib/gcc/arm-none-eabi/10.3.1/thumb/v7-m/nofp/crtn.o
                0x20005000                _estack = (ORIGIN (RAM) + LENGTH (RAM))
                0x00000200                _Min_Heap_Size = 0x200
                0x00000400                _Min_Stack_Size = 0x400

.isr_vector     0x08000000      0x10c
                0x08000000                . = ALIGN (0x4)
 *(.isr_vector)
 .isr_vector    0x08000000      0x10c CMakeFiles/oled.elf.dir/Core/Startup/startup_stm32f103c8tx.s.obj
                0x08000000                g_pfnVectors
                0x0800010c                . = ALIGN (0x4)

.text           0x0800010c     0x198c
                0x0800010c                . = ALIGN (0x4)
 *(.text)
 .text          0x0800010c       0x40 e:/workspace/clion/gcc-arm-none-eabi-10.3-2021.10/bin/../lib/gcc/arm-none-eabi/10.3.1/thumb/v7-m/nofp/crtbegin.o
 *(.text*)
 .text.MX_GPIO_Init
                0x0800014c       0x54 CMakeFiles/oled.elf.dir/Core/Src/gpio.c.obj
                0x0800014c                MX_GPIO_Init
 .text.MX_I2C1_Init
                0x080001a0       0x3c CMakeFiles/oled.elf.dir/Core/Src/i2c.c.obj
                0x080001a0                MX_I2C1_Init
 .text.HAL_I2C_MspInit
                0x080001dc       0x64 CMakeFiles/oled.elf.dir/Core/Src/i2c.c.obj
                0x080001dc                HAL_I2C_MspInit
 .text.Error_Handler
                0x08000240        0x4 CMakeFiles/oled.elf.dir/Core/Src/main.c.obj
                0x08000240                Error_Handler
 .text.SystemClock_Config
                0x08000244       0x64 CMakeFiles/oled.elf.dir/Core/Src/main.c.obj
                0x08000244                SystemClock_Config
 .text.main     0x080002a8       0x34 CMakeFiles/oled.elf.dir/Core/Src/main.c.obj
                0x080002a8                main
 .text.oled_sendcmd
                0x080002dc       0x2c CMakeFiles/oled.elf.dir/Core/Src/oled.c.obj
                0x080002dc                oled_sendcmd
 .text.oled_senddata
                0x08000308       0x30 CMakeFiles/oled.elf.dir/Core/Src/oled.c.obj
                0x08000308                oled_senddata
 .text.OLED_SetCursor
                0x08000338       0x20 CMakeFiles/oled.elf.dir/Core/Src/oled.c.obj
                0x08000338                OLED_SetCursor
 .text.OLED_Clear
                0x08000358       0x2c CMakeFiles/oled.elf.dir/Core/Src/oled.c.obj
                0x08000358                OLED_Clear
 .text.oled_init
                0x08000384       0x92 CMakeFiles/oled.elf.dir/Core/Src/oled.c.obj
                0x08000384                oled_init
 *fill*         0x08000416        0x2 
 .text.oled_newram
                0x08000418       0x14 CMakeFiles/oled.elf.dir/Core/Src/oled.c.obj
                0x08000418                oled_newram
 .text.oled_writeram
                0x0800042c       0x64 CMakeFiles/oled.elf.dir/Core/Src/oled.c.obj
                0x0800042c                oled_writeram
 .text.OLED_SetByte_Fine
                0x08000490       0x6c CMakeFiles/oled.elf.dir/Core/Src/oled.c.obj
                0x08000490                OLED_SetByte_Fine
 .text.OLED_SetBits_Fine
                0x080004fc       0x78 CMakeFiles/oled.elf.dir/Core/Src/oled.c.obj
                0x080004fc                OLED_SetBits_Fine
 .text.OLED_SetBits
                0x08000574       0x4e CMakeFiles/oled.elf.dir/Core/Src/oled.c.obj
                0x08000574                OLED_SetBits
 .text.OLED_SetBlock
                0x080005c2       0x8c CMakeFiles/oled.elf.dir/Core/Src/oled.c.obj
                0x080005c2                OLED_SetBlock
 .text.oled_drawimage
                0x0800064e       0x18 CMakeFiles/oled.elf.dir/Core/Src/oled.c.obj
                0x0800064e                oled_drawimage
 *fill*         0x08000666        0x2 
 .text.HAL_MspInit
                0x08000668       0x30 CMakeFiles/oled.elf.dir/Core/Src/stm32f1xx_hal_msp.c.obj
                0x08000668                HAL_MspInit
 .text.NMI_Handler
                0x08000698        0x2 CMakeFiles/oled.elf.dir/Core/Src/stm32f1xx_it.c.obj
                0x08000698                NMI_Handler
 .text.HardFault_Handler
                0x0800069a        0x2 CMakeFiles/oled.elf.dir/Core/Src/stm32f1xx_it.c.obj
                0x0800069a                HardFault_Handler
 .text.MemManage_Handler
                0x0800069c        0x2 CMakeFiles/oled.elf.dir/Core/Src/stm32f1xx_it.c.obj
                0x0800069c                MemManage_Handler
 .text.BusFault_Handler
                0x0800069e        0x2 CMakeFiles/oled.elf.dir/Core/Src/stm32f1xx_it.c.obj
                0x0800069e                BusFault_Handler
 .text.UsageFault_Handler
                0x080006a0        0x2 CMakeFiles/oled.elf.dir/Core/Src/stm32f1xx_it.c.obj
                0x080006a0                UsageFault_Handler
 .text.SVC_Handler
                0x080006a2        0x2 CMakeFiles/oled.elf.dir/Core/Src/stm32f1xx_it.c.obj
                0x080006a2                SVC_Handler
 .text.DebugMon_Handler
                0x080006a4        0x2 CMakeFiles/oled.elf.dir/Core/Src/stm32f1xx_it.c.obj
                0x080006a4                DebugMon_Handler
 .text.PendSV_Handler
                0x080006a6        0x2 CMakeFiles/oled.elf.dir/Core/Src/stm32f1xx_it.c.obj
                0x080006a6                PendSV_Handler
 .text.SysTick_Handler
                0x080006a8        0x8 CMakeFiles/oled.elf.dir/Core/Src/stm32f1xx_it.c.obj
                0x080006a8                SysTick_Handler
 .text.SystemInit
                0x080006b0        0x2 CMakeFiles/oled.elf.dir/Core/Src/system_stm32f1xx.c.obj
                0x080006b0                SystemInit
 *fill*         0x080006b2        0x2 
 .text.MX_USART1_UART_Init
                0x080006b4       0x34 CMakeFiles/oled.elf.dir/Core/Src/usart.c.obj
                0x080006b4                MX_USART1_UART_Init
 .text.HAL_UART_MspInit
                0x080006e8       0x78 CMakeFiles/oled.elf.dir/Core/Src/usart.c.obj
                0x080006e8                HAL_UART_MspInit
 .text.Reset_Handler
                0x08000760       0x48 CMakeFiles/oled.elf.dir/Core/Startup/startup_stm32f103c8tx.s.obj
                0x08000760                Reset_Handler
 .text.Default_Handler
                0x080007a8        0x2 CMakeFiles/oled.elf.dir/Core/Startup/startup_stm32f103c8tx.s.obj
                0x080007a8                RTC_Alarm_IRQHandler
                0x080007a8                EXTI2_IRQHandler
                0x080007a8                TIM1_CC_IRQHandler
                0x080007a8                PVD_IRQHandler
                0x080007a8                EXTI3_IRQHandler
                0x080007a8                EXTI0_IRQHandler
                0x080007a8                I2C2_EV_IRQHandler
                0x080007a8                ADC1_2_IRQHandler
                0x080007a8                SPI1_IRQHandler
                0x080007a8                TAMPER_IRQHandler
                0x080007a8                DMA1_Channel4_IRQHandler
                0x080007a8                USART3_IRQHandler
                0x080007a8                RTC_IRQHandler
                0x080007a8                DMA1_Channel7_IRQHandler
                0x080007a8                CAN1_RX1_IRQHandler
                0x080007a8                TIM4_IRQHandler
                0x080007a8                I2C1_EV_IRQHandler
                0x080007a8                DMA1_Channel6_IRQHandler
                0x080007a8                TIM3_IRQHandler
                0x080007a8                RCC_IRQHandler
                0x080007a8                TIM1_TRG_COM_IRQHandler
                0x080007a8                DMA1_Channel1_IRQHandler
                0x080007a8                Default_Handler
                0x080007a8                EXTI15_10_IRQHandler
                0x080007a8                EXTI9_5_IRQHandler
                0x080007a8                SPI2_IRQHandler
                0x080007a8                DMA1_Channel5_IRQHandler
                0x080007a8                EXTI4_IRQHandler
                0x080007a8                USB_LP_CAN1_RX0_IRQHandler
                0x080007a8                USB_HP_CAN1_TX_IRQHandler
                0x080007a8                DMA1_Channel3_IRQHandler
                0x080007a8                TIM1_UP_IRQHandler
                0x080007a8                WWDG_IRQHandler
                0x080007a8                TIM2_IRQHandler
                0x080007a8                TIM1_BRK_IRQHandler
                0x080007a8                EXTI1_IRQHandler
                0x080007a8                USART2_IRQHandler
                0x080007a8                I2C2_ER_IRQHandler
                0x080007a8                DMA1_Channel2_IRQHandler
                0x080007a8                CAN1_SCE_IRQHandler
                0x080007a8                FLASH_IRQHandler
                0x080007a8                USART1_IRQHandler
                0x080007a8                I2C1_ER_IRQHandler
                0x080007a8                USBWakeUp_IRQHandler
 *fill*         0x080007aa        0x2 
 .text.HAL_InitTick
                0x080007ac       0x4c CMakeFiles/oled.elf.dir/Drivers/STM32F1xx_HAL_Driver/Src/stm32f1xx_hal.c.obj
                0x080007ac                HAL_InitTick
 .text.HAL_Init
                0x080007f8       0x24 CMakeFiles/oled.elf.dir/Drivers/STM32F1xx_HAL_Driver/Src/stm32f1xx_hal.c.obj
                0x080007f8                HAL_Init
 .text.HAL_IncTick
                0x0800081c       0x18 CMakeFiles/oled.elf.dir/Drivers/STM32F1xx_HAL_Driver/Src/stm32f1xx_hal.c.obj
                0x0800081c                HAL_IncTick
 .text.HAL_GetTick
                0x08000834        0xc CMakeFiles/oled.elf.dir/Drivers/STM32F1xx_HAL_Driver/Src/stm32f1xx_hal.c.obj
                0x08000834                HAL_GetTick
 .text.HAL_NVIC_SetPriorityGrouping
                0x08000840       0x24 CMakeFiles/oled.elf.dir/Drivers/STM32F1xx_HAL_Driver/Src/stm32f1xx_hal_cortex.c.obj
                0x08000840                HAL_NVIC_SetPriorityGrouping
 .text.HAL_NVIC_SetPriority
                0x08000864       0x70 CMakeFiles/oled.elf.dir/Drivers/STM32F1xx_HAL_Driver/Src/stm32f1xx_hal_cortex.c.obj
                0x08000864                HAL_NVIC_SetPriority
 .text.HAL_SYSTICK_Config
                0x080008d4       0x28 CMakeFiles/oled.elf.dir/Drivers/STM32F1xx_HAL_Driver/Src/stm32f1xx_hal_cortex.c.obj
                0x080008d4                HAL_SYSTICK_Config
 .text.HAL_GPIO_Init
                0x080008fc      0x224 CMakeFiles/oled.elf.dir/Drivers/STM32F1xx_HAL_Driver/Src/stm32f1xx_hal_gpio.c.obj
                0x080008fc                HAL_GPIO_Init
 .text.I2C_IsAcknowledgeFailed
                0x08000b20       0x32 CMakeFiles/oled.elf.dir/Drivers/STM32F1xx_HAL_Driver/Src/stm32f1xx_hal_i2c.c.obj
 .text.I2C_WaitOnFlagUntilTimeout
                0x08000b52       0xaa CMakeFiles/oled.elf.dir/Drivers/STM32F1xx_HAL_Driver/Src/stm32f1xx_hal_i2c.c.obj
 .text.I2C_WaitOnMasterAddressFlagUntilTimeout
                0x08000bfc       0xd6 CMakeFiles/oled.elf.dir/Drivers/STM32F1xx_HAL_Driver/Src/stm32f1xx_hal_i2c.c.obj
 *fill*         0x08000cd2        0x2 
 .text.I2C_MasterRequestWrite
                0x08000cd4       0xb4 CMakeFiles/oled.elf.dir/Drivers/STM32F1xx_HAL_Driver/Src/stm32f1xx_hal_i2c.c.obj
 .text.I2C_WaitOnTXEFlagUntilTimeout
                0x08000d88       0x5e CMakeFiles/oled.elf.dir/Drivers/STM32F1xx_HAL_Driver/Src/stm32f1xx_hal_i2c.c.obj
 .text.I2C_WaitOnBTFFlagUntilTimeout
                0x08000de6       0x5e CMakeFiles/oled.elf.dir/Drivers/STM32F1xx_HAL_Driver/Src/stm32f1xx_hal_i2c.c.obj
 .text.HAL_I2C_Init
                0x08000e44      0x1bc CMakeFiles/oled.elf.dir/Drivers/STM32F1xx_HAL_Driver/Src/stm32f1xx_hal_i2c.c.obj
                0x08000e44                HAL_I2C_Init
 .text.HAL_I2C_Master_Transmit
                0x08001000      0x178 CMakeFiles/oled.elf.dir/Drivers/STM32F1xx_HAL_Driver/Src/stm32f1xx_hal_i2c.c.obj
                0x08001000                HAL_I2C_Master_Transmit
 .text.RCC_Delay
                0x08001178       0x2c CMakeFiles/oled.elf.dir/Drivers/STM32F1xx_HAL_Driver/Src/stm32f1xx_hal_rcc.c.obj
 .text.HAL_RCC_OscConfig
                0x080011a4      0x410 CMakeFiles/oled.elf.dir/Drivers/STM32F1xx_HAL_Driver/Src/stm32f1xx_hal_rcc.c.obj
                0x080011a4                HAL_RCC_OscConfig
 .text.HAL_RCC_GetSysClockFreq
                0x080015b4       0x54 CMakeFiles/oled.elf.dir/Drivers/STM32F1xx_HAL_Driver/Src/stm32f1xx_hal_rcc.c.obj
                0x080015b4                HAL_RCC_GetSysClockFreq
 .text.HAL_RCC_ClockConfig
                0x08001608      0x16c CMakeFiles/oled.elf.dir/Drivers/STM32F1xx_HAL_Driver/Src/stm32f1xx_hal_rcc.c.obj
                0x08001608                HAL_RCC_ClockConfig
 .text.HAL_RCC_GetHCLKFreq
                0x08001774        0xc CMakeFiles/oled.elf.dir/Drivers/STM32F1xx_HAL_Driver/Src/stm32f1xx_hal_rcc.c.obj
                0x08001774                HAL_RCC_GetHCLKFreq
 .text.HAL_RCC_GetPCLK1Freq
                0x08001780       0x20 CMakeFiles/oled.elf.dir/Drivers/STM32F1xx_HAL_Driver/Src/stm32f1xx_hal_rcc.c.obj
                0x08001780                HAL_RCC_GetPCLK1Freq
 .text.HAL_RCC_GetPCLK2Freq
                0x080017a0       0x20 CMakeFiles/oled.elf.dir/Drivers/STM32F1xx_HAL_Driver/Src/stm32f1xx_hal_rcc.c.obj
                0x080017a0                HAL_RCC_GetPCLK2Freq
 .text.UART_SetConfig
                0x080017c0       0x94 CMakeFiles/oled.elf.dir/Drivers/STM32F1xx_HAL_Driver/Src/stm32f1xx_hal_uart.c.obj
 .text.HAL_UART_Init
                0x08001854       0x60 CMakeFiles/oled.elf.dir/Drivers/STM32F1xx_HAL_Driver/Src/stm32f1xx_hal_uart.c.obj
                0x08001854                HAL_UART_Init
 .text.__libc_init_array
                0x080018b4       0x48 e:/workspace/clion/gcc-arm-none-eabi-10.3-2021.10/bin/../lib/gcc/arm-none-eabi/10.3.1/../../../../arm-none-eabi/lib/thumb/v7-m/nofp\libg.a(lib_a-init.o)
                0x080018b4                __libc_init_array
 .text.memset   0x080018fc       0xa4 e:/workspace/clion/gcc-arm-none-eabi-10.3-2021.10/bin/../lib/gcc/arm-none-eabi/10.3.1/../../../../arm-none-eabi/lib/thumb/v7-m/nofp\libg.a(lib_a-memset.o)
                0x080018fc                memset
 .text.startup.register_fini
                0x080019a0       0x14 e:/workspace/clion/gcc-arm-none-eabi-10.3-2021.10/bin/../lib/gcc/arm-none-eabi/10.3.1/../../../../arm-none-eabi/lib/thumb/v7-m/nofp\libg.a(lib_a-__call_atexit.o)
 .text.atexit   0x080019b4        0xc e:/workspace/clion/gcc-arm-none-eabi-10.3-2021.10/bin/../lib/gcc/arm-none-eabi/10.3.1/../../../../arm-none-eabi/lib/thumb/v7-m/nofp\libg.a(lib_a-atexit.o)
                0x080019b4                atexit
 .text.__libc_fini_array
                0x080019c0       0x2c e:/workspace/clion/gcc-arm-none-eabi-10.3-2021.10/bin/../lib/gcc/arm-none-eabi/10.3.1/../../../../arm-none-eabi/lib/thumb/v7-m/nofp\libg.a(lib_a-fini.o)
                0x080019c0                __libc_fini_array
 .text.__retarget_lock_acquire_recursive
                0x080019ec        0x4 e:/workspace/clion/gcc-arm-none-eabi-10.3-2021.10/bin/../lib/gcc/arm-none-eabi/10.3.1/../../../../arm-none-eabi/lib/thumb/v7-m/nofp\libg.a(lib_a-lock.o)
                0x080019ec                __retarget_lock_acquire_recursive
 .text.__retarget_lock_release_recursive
                0x080019f0        0x4 e:/workspace/clion/gcc-arm-none-eabi-10.3-2021.10/bin/../lib/gcc/arm-none-eabi/10.3.1/../../../../arm-none-eabi/lib/thumb/v7-m/nofp\libg.a(lib_a-lock.o)
                0x080019f0                __retarget_lock_release_recursive
 .text.__register_exitproc
                0x080019f4       0x8c e:/workspace/clion/gcc-arm-none-eabi-10.3-2021.10/bin/../lib/gcc/arm-none-eabi/10.3.1/../../../../arm-none-eabi/lib/thumb/v7-m/nofp\libg.a(lib_a-__atexit.o)
                0x080019f4                __register_exitproc
 *(.glue_7)
 .glue_7        0x08001a80        0x0 linker stubs
 *(.glue_7t)
 .glue_7t       0x08001a80        0x0 linker stubs
 *(.eh_frame)
 .eh_frame      0x08001a80        0x0 e:/workspace/clion/gcc-arm-none-eabi-10.3-2021.10/bin/../lib/gcc/arm-none-eabi/10.3.1/thumb/v7-m/nofp/crtbegin.o
 *(.init)
 .init          0x08001a80        0x4 e:/workspace/clion/gcc-arm-none-eabi-10.3-2021.10/bin/../lib/gcc/arm-none-eabi/10.3.1/thumb/v7-m/nofp/crti.o
                0x08001a80                _init
 .init          0x08001a84        0x8 e:/workspace/clion/gcc-arm-none-eabi-10.3-2021.10/bin/../lib/gcc/arm-none-eabi/10.3.1/thumb/v7-m/nofp/crtn.o
 *(.fini)
 .fini          0x08001a8c        0x4 e:/workspace/clion/gcc-arm-none-eabi-10.3-2021.10/bin/../lib/gcc/arm-none-eabi/10.3.1/thumb/v7-m/nofp/crti.o
                0x08001a8c                _fini
 .fini          0x08001a90        0x8 e:/workspace/clion/gcc-arm-none-eabi-10.3-2021.10/bin/../lib/gcc/arm-none-eabi/10.3.1/thumb/v7-m/nofp/crtn.o
                0x08001a98                . = ALIGN (0x4)
                0x08001a98                _etext = .

.vfp11_veneer   0x08001a98        0x0
 .vfp11_veneer  0x08001a98        0x0 linker stubs

.v4_bx          0x08001a98        0x0
 .v4_bx         0x08001a98        0x0 linker stubs

.iplt           0x08001a98        0x0
 .iplt          0x08001a98        0x0 e:/workspace/clion/gcc-arm-none-eabi-10.3-2021.10/bin/../lib/gcc/arm-none-eabi/10.3.1/thumb/v7-m/nofp/crtbegin.o

.rodata         0x08001a98      0x330
                0x08001a98                . = ALIGN (0x4)
 *(.rodata)
 *(.rodata*)
 .rodata.dsData
                0x08001a98      0x2f8 CMakeFiles/oled.elf.dir/Core/Src/font.c.obj
                0x08001a98                dsData
 .rodata.dsImg  0x08001d90        0x8 CMakeFiles/oled.elf.dir/Core/Src/font.c.obj
                0x08001d90                dsImg
 .rodata.AHBPrescTable
                0x08001d98       0x10 CMakeFiles/oled.elf.dir/Core/Src/system_stm32f1xx.c.obj
                0x08001d98                AHBPrescTable
 .rodata.APBPrescTable
                0x08001da8        0x8 CMakeFiles/oled.elf.dir/Core/Src/system_stm32f1xx.c.obj
                0x08001da8                APBPrescTable
 .rodata.aPLLMULFactorTable.1
                0x08001db0       0x10 CMakeFiles/oled.elf.dir/Drivers/STM32F1xx_HAL_Driver/Src/stm32f1xx_hal_rcc.c.obj
 .rodata.aPredivFactorTable.0
                0x08001dc0        0x2 CMakeFiles/oled.elf.dir/Drivers/STM32F1xx_HAL_Driver/Src/stm32f1xx_hal_rcc.c.obj
 *fill*         0x08001dc2        0x2 
 .rodata._global_impure_ptr
                0x08001dc4        0x4 e:/workspace/clion/gcc-arm-none-eabi-10.3-2021.10/bin/../lib/gcc/arm-none-eabi/10.3.1/../../../../arm-none-eabi/lib/thumb/v7-m/nofp\libg.a(lib_a-impure.o)
                0x08001dc4                _global_impure_ptr
                0x08001dc8                . = ALIGN (0x4)

.rel.dyn        0x08001dc8        0x0
 .rel.iplt      0x08001dc8        0x0 e:/workspace/clion/gcc-arm-none-eabi-10.3-2021.10/bin/../lib/gcc/arm-none-eabi/10.3.1/thumb/v7-m/nofp/crtbegin.o

.ARM.extab      0x08001dc8        0x0
                0x08001dc8                . = ALIGN (0x4)
 *(.ARM.extab* .gnu.linkonce.armextab.*)
                0x08001dc8                . = ALIGN (0x4)

.ARM            0x08001dc8        0x0
                0x08001dc8                . = ALIGN (0x4)
                0x08001dc8                __exidx_start = .
 *(.ARM.exidx*)
                0x08001dc8                __exidx_end = .
                0x08001dc8                . = ALIGN (0x4)

.preinit_array  0x08001dc8        0x0
                0x08001dc8                . = ALIGN (0x4)
                0x08001dc8                PROVIDE (__preinit_array_start = .)
 *(.preinit_array*)
                0x08001dc8                PROVIDE (__preinit_array_end = .)
                0x08001dc8                . = ALIGN (0x4)

.init_array     0x08001dc8        0x8
                0x08001dc8                . = ALIGN (0x4)
                0x08001dc8                PROVIDE (__init_array_start = .)
 *(SORT_BY_NAME(.init_array.*))
 .init_array.00000
                0x08001dc8        0x4 e:/workspace/clion/gcc-arm-none-eabi-10.3-2021.10/bin/../lib/gcc/arm-none-eabi/10.3.1/../../../../arm-none-eabi/lib/thumb/v7-m/nofp\libg.a(lib_a-__call_atexit.o)
 *(.init_array*)
 .init_array    0x08001dcc        0x4 e:/workspace/clion/gcc-arm-none-eabi-10.3-2021.10/bin/../lib/gcc/arm-none-eabi/10.3.1/thumb/v7-m/nofp/crtbegin.o
                0x08001dd0                PROVIDE (__init_array_end = .)
                0x08001dd0                . = ALIGN (0x4)

.fini_array     0x08001dd0        0x4
                0x08001dd0                . = ALIGN (0x4)
                0x08001dd0                PROVIDE (__fini_array_start = .)
 *(SORT_BY_NAME(.fini_array.*))
 *(.fini_array*)
 .fini_array    0x08001dd0        0x4 e:/workspace/clion/gcc-arm-none-eabi-10.3-2021.10/bin/../lib/gcc/arm-none-eabi/10.3.1/thumb/v7-m/nofp/crtbegin.o
                0x08001dd4                PROVIDE (__fini_array_end = .)
                0x08001dd4                . = ALIGN (0x4)
                0x08001dd4                _sidata = LOADADDR (.data)

.data           0x20000000      0x43c load address 0x08001dd4
                0x20000000                . = ALIGN (0x4)
                0x20000000                _sdata = .
 *(.data)
 *(.data*)
 .data.SystemCoreClock
                0x20000000        0x4 CMakeFiles/oled.elf.dir/Core/Src/system_stm32f1xx.c.obj
                0x20000000                SystemCoreClock
 .data.uwTickFreq
                0x20000004        0x1 CMakeFiles/oled.elf.dir/Drivers/STM32F1xx_HAL_Driver/Src/stm32f1xx_hal.c.obj
                0x20000004                uwTickFreq
 *fill*         0x20000005        0x3 
 .data.uwTickPrio
                0x20000008        0x4 CMakeFiles/oled.elf.dir/Drivers/STM32F1xx_HAL_Driver/Src/stm32f1xx_hal.c.obj
                0x20000008                uwTickPrio
 *fill*         0x2000000c        0x4 
 .data.impure_data
                0x20000010      0x428 e:/workspace/clion/gcc-arm-none-eabi-10.3-2021.10/bin/../lib/gcc/arm-none-eabi/10.3.1/../../../../arm-none-eabi/lib/thumb/v7-m/nofp\libg.a(lib_a-impure.o)
 .data.__atexit_recursive_mutex
                0x20000438        0x4 e:/workspace/clion/gcc-arm-none-eabi-10.3-2021.10/bin/../lib/gcc/arm-none-eabi/10.3.1/../../../../arm-none-eabi/lib/thumb/v7-m/nofp\libg.a(lib_a-__call_atexit.o)
                0x20000438                __atexit_recursive_mutex
 *(.RamFunc)
 *(.RamFunc*)
                0x2000043c                . = ALIGN (0x4)
                0x2000043c                _edata = .

.igot.plt       0x2000043c        0x0 load address 0x08002210
 .igot.plt      0x2000043c        0x0 e:/workspace/clion/gcc-arm-none-eabi-10.3-2021.10/bin/../lib/gcc/arm-none-eabi/10.3.1/thumb/v7-m/nofp/crtbegin.o
                0x2000043c                . = ALIGN (0x4)

.bss            0x2000043c      0x4c4 load address 0x08002210
                0x2000043c                _sbss = .
                0x2000043c                __bss_start__ = _sbss
 *(.bss)
 .bss           0x2000043c       0x1c e:/workspace/clion/gcc-arm-none-eabi-10.3-2021.10/bin/../lib/gcc/arm-none-eabi/10.3.1/thumb/v7-m/nofp/crtbegin.o
 *(.bss*)
 .bss.hi2c1     0x20000458       0x54 CMakeFiles/oled.elf.dir/Core/Src/i2c.c.obj
                0x20000458                hi2c1
 .bss.GRAM      0x200004ac      0x400 CMakeFiles/oled.elf.dir/Core/Src/oled.c.obj
                0x200004ac                GRAM
 .bss.temp.0    0x200008ac        0x1 CMakeFiles/oled.elf.dir/Core/Src/oled.c.obj
 *fill*         0x200008ad        0x3 
 .bss.huart1    0x200008b0       0x48 CMakeFiles/oled.elf.dir/Core/Src/usart.c.obj
                0x200008b0                huart1
 .bss.uwTick    0x200008f8        0x4 CMakeFiles/oled.elf.dir/Drivers/STM32F1xx_HAL_Driver/Src/stm32f1xx_hal.c.obj
                0x200008f8                uwTick
 .bss.__lock___atexit_recursive_mutex
                0x200008fc        0x1 e:/workspace/clion/gcc-arm-none-eabi-10.3-2021.10/bin/../lib/gcc/arm-none-eabi/10.3.1/../../../../arm-none-eabi/lib/thumb/v7-m/nofp\libg.a(lib_a-lock.o)
                0x200008fc                __lock___atexit_recursive_mutex
 *(COMMON)
                0x20000900                . = ALIGN (0x4)
 *fill*         0x200008fd        0x3 
                0x20000900                _ebss = .
                0x20000900                __bss_end__ = _ebss

._user_heap_stack
                0x20000900      0x600 load address 0x08002210
                0x20000900                . = ALIGN (0x8)
                [!provide]                PROVIDE (end = .)
                0x20000900                PROVIDE (_end = .)
                0x20000b00                . = (. + _Min_Heap_Size)
 *fill*         0x20000900      0x200 
                0x20000f00                . = (. + _Min_Stack_Size)
 *fill*         0x20000b00      0x400 
                0x20000f00                . = ALIGN (0x8)

/DISCARD/
 libc.a(*)
 libm.a(*)
 libgcc.a(*)

.ARM.attributes
                0x00000000       0x29
 *(.ARM.attributes)
 .ARM.attributes
                0x00000000       0x1d e:/workspace/clion/gcc-arm-none-eabi-10.3-2021.10/bin/../lib/gcc/arm-none-eabi/10.3.1/thumb/v7-m/nofp/crti.o
 .ARM.attributes
                0x0000001d       0x2d e:/workspace/clion/gcc-arm-none-eabi-10.3-2021.10/bin/../lib/gcc/arm-none-eabi/10.3.1/thumb/v7-m/nofp/crtbegin.o
 .ARM.attributes
                0x0000004a       0x2d CMakeFiles/oled.elf.dir/Core/Src/font.c.obj
 .ARM.attributes
                0x00000077       0x2d CMakeFiles/oled.elf.dir/Core/Src/gpio.c.obj
 .ARM.attributes
                0x000000a4       0x2d CMakeFiles/oled.elf.dir/Core/Src/i2c.c.obj
 .ARM.attributes
                0x000000d1       0x2d CMakeFiles/oled.elf.dir/Core/Src/main.c.obj
 .ARM.attributes
                0x000000fe       0x2d CMakeFiles/oled.elf.dir/Core/Src/oled.c.obj
 .ARM.attributes
                0x0000012b       0x2d CMakeFiles/oled.elf.dir/Core/Src/stm32f1xx_hal_msp.c.obj
 .ARM.attributes
                0x00000158       0x2d CMakeFiles/oled.elf.dir/Core/Src/stm32f1xx_it.c.obj
 .ARM.attributes
                0x00000185       0x2d CMakeFiles/oled.elf.dir/Core/Src/system_stm32f1xx.c.obj
 .ARM.attributes
                0x000001b2       0x2d CMakeFiles/oled.elf.dir/Core/Src/usart.c.obj
 .ARM.attributes
                0x000001df       0x21 CMakeFiles/oled.elf.dir/Core/Startup/startup_stm32f103c8tx.s.obj
 .ARM.attributes
                0x00000200       0x2d CMakeFiles/oled.elf.dir/Drivers/STM32F1xx_HAL_Driver/Src/stm32f1xx_hal.c.obj
 .ARM.attributes
                0x0000022d       0x2d CMakeFiles/oled.elf.dir/Drivers/STM32F1xx_HAL_Driver/Src/stm32f1xx_hal_cortex.c.obj
 .ARM.attributes
                0x0000025a       0x2d CMakeFiles/oled.elf.dir/Drivers/STM32F1xx_HAL_Driver/Src/stm32f1xx_hal_gpio.c.obj
 .ARM.attributes
                0x00000287       0x2d CMakeFiles/oled.elf.dir/Drivers/STM32F1xx_HAL_Driver/Src/stm32f1xx_hal_i2c.c.obj
 .ARM.attributes
                0x000002b4       0x2d CMakeFiles/oled.elf.dir/Drivers/STM32F1xx_HAL_Driver/Src/stm32f1xx_hal_rcc.c.obj
 .ARM.attributes
                0x000002e1       0x2d CMakeFiles/oled.elf.dir/Drivers/STM32F1xx_HAL_Driver/Src/stm32f1xx_hal_uart.c.obj
 .ARM.attributes
                0x0000030e       0x2d e:/workspace/clion/gcc-arm-none-eabi-10.3-2021.10/bin/../lib/gcc/arm-none-eabi/10.3.1/../../../../arm-none-eabi/lib/thumb/v7-m/nofp\libg.a(lib_a-impure.o)
 .ARM.attributes
                0x0000033b       0x2d e:/workspace/clion/gcc-arm-none-eabi-10.3-2021.10/bin/../lib/gcc/arm-none-eabi/10.3.1/../../../../arm-none-eabi/lib/thumb/v7-m/nofp\libg.a(lib_a-init.o)
 .ARM.attributes
                0x00000368       0x2d e:/workspace/clion/gcc-arm-none-eabi-10.3-2021.10/bin/../lib/gcc/arm-none-eabi/10.3.1/../../../../arm-none-eabi/lib/thumb/v7-m/nofp\libg.a(lib_a-memset.o)
 .ARM.attributes
                0x00000395       0x2d e:/workspace/clion/gcc-arm-none-eabi-10.3-2021.10/bin/../lib/gcc/arm-none-eabi/10.3.1/../../../../arm-none-eabi/lib/thumb/v7-m/nofp\libg.a(lib_a-__call_atexit.o)
 .ARM.attributes
                0x000003c2       0x2d e:/workspace/clion/gcc-arm-none-eabi-10.3-2021.10/bin/../lib/gcc/arm-none-eabi/10.3.1/../../../../arm-none-eabi/lib/thumb/v7-m/nofp\libg.a(lib_a-atexit.o)
 .ARM.attributes
                0x000003ef       0x2d e:/workspace/clion/gcc-arm-none-eabi-10.3-2021.10/bin/../lib/gcc/arm-none-eabi/10.3.1/../../../../arm-none-eabi/lib/thumb/v7-m/nofp\libg.a(lib_a-fini.o)
 .ARM.attributes
                0x0000041c       0x2d e:/workspace/clion/gcc-arm-none-eabi-10.3-2021.10/bin/../lib/gcc/arm-none-eabi/10.3.1/../../../../arm-none-eabi/lib/thumb/v7-m/nofp\libg.a(lib_a-lock.o)
 .ARM.attributes
                0x00000449       0x2d e:/workspace/clion/gcc-arm-none-eabi-10.3-2021.10/bin/../lib/gcc/arm-none-eabi/10.3.1/../../../../arm-none-eabi/lib/thumb/v7-m/nofp\libg.a(lib_a-__atexit.o)
 .ARM.attributes
                0x00000476       0x1d e:/workspace/clion/gcc-arm-none-eabi-10.3-2021.10/bin/../lib/gcc/arm-none-eabi/10.3.1/thumb/v7-m/nofp/crtn.o
OUTPUT(oled.elf elf32-littlearm)
LOAD linker stubs
LOAD e:/workspace/clion/gcc-arm-none-eabi-10.3-2021.10/bin/../lib/gcc/arm-none-eabi/10.3.1/../../../../arm-none-eabi/lib/thumb/v7-m/nofp\libc.a
LOAD e:/workspace/clion/gcc-arm-none-eabi-10.3-2021.10/bin/../lib/gcc/arm-none-eabi/10.3.1/../../../../arm-none-eabi/lib/thumb/v7-m/nofp\libm.a
LOAD e:/workspace/clion/gcc-arm-none-eabi-10.3-2021.10/bin/../lib/gcc/arm-none-eabi/10.3.1/thumb/v7-m/nofp\libgcc.a

.debug_info     0x00000000     0xd206
 .debug_info    0x00000000      0x112 CMakeFiles/oled.elf.dir/Core/Src/font.c.obj
 .debug_info    0x00000112      0x1b6 CMakeFiles/oled.elf.dir/Core/Src/gpio.c.obj
 .debug_info    0x000002c8      0x8a4 CMakeFiles/oled.elf.dir/Core/Src/i2c.c.obj
 .debug_info    0x00000b6c      0x421 CMakeFiles/oled.elf.dir/Core/Src/main.c.obj
 .debug_info    0x00000f8d     0x126a CMakeFiles/oled.elf.dir/Core/Src/oled.c.obj
 .debug_info    0x000021f7      0x17c CMakeFiles/oled.elf.dir/Core/Src/stm32f1xx_hal_msp.c.obj
 .debug_info    0x00002373      0x130 CMakeFiles/oled.elf.dir/Core/Src/stm32f1xx_it.c.obj
 .debug_info    0x000024a3      0x248 CMakeFiles/oled.elf.dir/Core/Src/system_stm32f1xx.c.obj
 .debug_info    0x000026eb      0x855 CMakeFiles/oled.elf.dir/Core/Src/usart.c.obj
 .debug_info    0x00002f40       0x22 CMakeFiles/oled.elf.dir/Core/Startup/startup_stm32f103c8tx.s.obj
 .debug_info    0x00002f62      0x7a8 CMakeFiles/oled.elf.dir/Drivers/STM32F1xx_HAL_Driver/Src/stm32f1xx_hal.c.obj
 .debug_info    0x0000370a      0xd8a CMakeFiles/oled.elf.dir/Drivers/STM32F1xx_HAL_Driver/Src/stm32f1xx_hal_cortex.c.obj
 .debug_info    0x00004494      0x66f CMakeFiles/oled.elf.dir/Drivers/STM32F1xx_HAL_Driver/Src/stm32f1xx_hal_gpio.c.obj
 .debug_info    0x00004b03     0x3ab6 CMakeFiles/oled.elf.dir/Drivers/STM32F1xx_HAL_Driver/Src/stm32f1xx_hal_i2c.c.obj
 .debug_info    0x000085b9      0xa3b CMakeFiles/oled.elf.dir/Drivers/STM32F1xx_HAL_Driver/Src/stm32f1xx_hal_rcc.c.obj
 .debug_info    0x00008ff4     0x4212 CMakeFiles/oled.elf.dir/Drivers/STM32F1xx_HAL_Driver/Src/stm32f1xx_hal_uart.c.obj

.debug_abbrev   0x00000000     0x1b2a
 .debug_abbrev  0x00000000       0xbf CMakeFiles/oled.elf.dir/Core/Src/font.c.obj
 .debug_abbrev  0x000000bf       0xbf CMakeFiles/oled.elf.dir/Core/Src/gpio.c.obj
 .debug_abbrev  0x0000017e      0x1c1 CMakeFiles/oled.elf.dir/Core/Src/i2c.c.obj
 .debug_abbrev  0x0000033f      0x196 CMakeFiles/oled.elf.dir/Core/Src/main.c.obj
 .debug_abbrev  0x000004d5      0x2fb CMakeFiles/oled.elf.dir/Core/Src/oled.c.obj
 .debug_abbrev  0x000007d0       0xbf CMakeFiles/oled.elf.dir/Core/Src/stm32f1xx_hal_msp.c.obj
 .debug_abbrev  0x0000088f       0x7e CMakeFiles/oled.elf.dir/Core/Src/stm32f1xx_it.c.obj
 .debug_abbrev  0x0000090d      0x13e CMakeFiles/oled.elf.dir/Core/Src/system_stm32f1xx.c.obj
 .debug_abbrev  0x00000a4b      0x1c8 CMakeFiles/oled.elf.dir/Core/Src/usart.c.obj
 .debug_abbrev  0x00000c13       0x12 CMakeFiles/oled.elf.dir/Core/Startup/startup_stm32f103c8tx.s.obj
 .debug_abbrev  0x00000c25      0x1f4 CMakeFiles/oled.elf.dir/Drivers/STM32F1xx_HAL_Driver/Src/stm32f1xx_hal.c.obj
 .debug_abbrev  0x00000e19      0x341 CMakeFiles/oled.elf.dir/Drivers/STM32F1xx_HAL_Driver/Src/stm32f1xx_hal_cortex.c.obj
 .debug_abbrev  0x0000115a      0x1e6 CMakeFiles/oled.elf.dir/Drivers/STM32F1xx_HAL_Driver/Src/stm32f1xx_hal_gpio.c.obj
 .debug_abbrev  0x00001340      0x293 CMakeFiles/oled.elf.dir/Drivers/STM32F1xx_HAL_Driver/Src/stm32f1xx_hal_i2c.c.obj
 .debug_abbrev  0x000015d3      0x27a CMakeFiles/oled.elf.dir/Drivers/STM32F1xx_HAL_Driver/Src/stm32f1xx_hal_rcc.c.obj
 .debug_abbrev  0x0000184d      0x2dd CMakeFiles/oled.elf.dir/Drivers/STM32F1xx_HAL_Driver/Src/stm32f1xx_hal_uart.c.obj

.debug_aranges  0x00000000      0x940
 .debug_aranges
                0x00000000       0x18 CMakeFiles/oled.elf.dir/Core/Src/font.c.obj
 .debug_aranges
                0x00000018       0x20 CMakeFiles/oled.elf.dir/Core/Src/gpio.c.obj
 .debug_aranges
                0x00000038       0x30 CMakeFiles/oled.elf.dir/Core/Src/i2c.c.obj
 .debug_aranges
                0x00000068       0x30 CMakeFiles/oled.elf.dir/Core/Src/main.c.obj
 .debug_aranges
                0x00000098       0xa0 CMakeFiles/oled.elf.dir/Core/Src/oled.c.obj
 .debug_aranges
                0x00000138       0x20 CMakeFiles/oled.elf.dir/Core/Src/stm32f1xx_hal_msp.c.obj
 .debug_aranges
                0x00000158       0x60 CMakeFiles/oled.elf.dir/Core/Src/stm32f1xx_it.c.obj
 .debug_aranges
                0x000001b8       0x28 CMakeFiles/oled.elf.dir/Core/Src/system_stm32f1xx.c.obj
 .debug_aranges
                0x000001e0       0x30 CMakeFiles/oled.elf.dir/Core/Src/usart.c.obj
 .debug_aranges
                0x00000210       0x28 CMakeFiles/oled.elf.dir/Core/Startup/startup_stm32f103c8tx.s.obj
 .debug_aranges
                0x00000238       0xe0 CMakeFiles/oled.elf.dir/Drivers/STM32F1xx_HAL_Driver/Src/stm32f1xx_hal.c.obj
 .debug_aranges
                0x00000318       0x90 CMakeFiles/oled.elf.dir/Drivers/STM32F1xx_HAL_Driver/Src/stm32f1xx_hal_cortex.c.obj
 .debug_aranges
                0x000003a8       0x58 CMakeFiles/oled.elf.dir/Drivers/STM32F1xx_HAL_Driver/Src/stm32f1xx_hal_gpio.c.obj
 .debug_aranges
                0x00000400      0x2a8 CMakeFiles/oled.elf.dir/Drivers/STM32F1xx_HAL_Driver/Src/stm32f1xx_hal_i2c.c.obj
 .debug_aranges
                0x000006a8       0x90 CMakeFiles/oled.elf.dir/Drivers/STM32F1xx_HAL_Driver/Src/stm32f1xx_hal_rcc.c.obj
 .debug_aranges
                0x00000738      0x208 CMakeFiles/oled.elf.dir/Drivers/STM32F1xx_HAL_Driver/Src/stm32f1xx_hal_uart.c.obj

.debug_line     0x00000000     0xd56f
 .debug_line    0x00000000      0x14c CMakeFiles/oled.elf.dir/Core/Src/font.c.obj
 .debug_line    0x0000014c      0x1a3 CMakeFiles/oled.elf.dir/Core/Src/gpio.c.obj
 .debug_line    0x000002ef      0x353 CMakeFiles/oled.elf.dir/Core/Src/i2c.c.obj
 .debug_line    0x00000642      0x373 CMakeFiles/oled.elf.dir/Core/Src/main.c.obj
 .debug_line    0x000009b5      0x866 CMakeFiles/oled.elf.dir/Core/Src/oled.c.obj
 .debug_line    0x0000121b      0x1a4 CMakeFiles/oled.elf.dir/Core/Src/stm32f1xx_hal_msp.c.obj
 .debug_line    0x000013bf      0x1c3 CMakeFiles/oled.elf.dir/Core/Src/stm32f1xx_it.c.obj
 .debug_line    0x00001582      0x274 CMakeFiles/oled.elf.dir/Core/Src/system_stm32f1xx.c.obj
 .debug_line    0x000017f6      0x36d CMakeFiles/oled.elf.dir/Core/Src/usart.c.obj
 .debug_line    0x00001b63       0xa9 CMakeFiles/oled.elf.dir/Core/Startup/startup_stm32f103c8tx.s.obj
 .debug_line    0x00001c0c      0x5a8 CMakeFiles/oled.elf.dir/Drivers/STM32F1xx_HAL_Driver/Src/stm32f1xx_hal.c.obj
 .debug_line    0x000021b4      0x68d CMakeFiles/oled.elf.dir/Drivers/STM32F1xx_HAL_Driver/Src/stm32f1xx_hal_cortex.c.obj
 .debug_line    0x00002841      0x635 CMakeFiles/oled.elf.dir/Drivers/STM32F1xx_HAL_Driver/Src/stm32f1xx_hal_gpio.c.obj
 .debug_line    0x00002e76     0x566a CMakeFiles/oled.elf.dir/Drivers/STM32F1xx_HAL_Driver/Src/stm32f1xx_hal_i2c.c.obj
 .debug_line    0x000084e0      0xc72 CMakeFiles/oled.elf.dir/Drivers/STM32F1xx_HAL_Driver/Src/stm32f1xx_hal_rcc.c.obj
 .debug_line    0x00009152     0x441d CMakeFiles/oled.elf.dir/Drivers/STM32F1xx_HAL_Driver/Src/stm32f1xx_hal_uart.c.obj

.debug_str      0x00000000     0x2c46
 .debug_str     0x00000000      0x1ab CMakeFiles/oled.elf.dir/Core/Src/font.c.obj
                                0x1ec (size before relaxing)
 .debug_str     0x000001ab       0x94 CMakeFiles/oled.elf.dir/Core/Src/gpio.c.obj
                                0x229 (size before relaxing)
 .debug_str     0x0000023f      0x51d CMakeFiles/oled.elf.dir/Core/Src/i2c.c.obj
                                0x778 (size before relaxing)
 .debug_str     0x0000075c      0x219 CMakeFiles/oled.elf.dir/Core/Src/main.c.obj
                                0x431 (size before relaxing)
 .debug_str     0x00000975      0x16d CMakeFiles/oled.elf.dir/Core/Src/oled.c.obj
                                0x81c (size before relaxing)
 .debug_str     0x00000ae2       0x4f CMakeFiles/oled.elf.dir/Core/Src/stm32f1xx_hal_msp.c.obj
                                0x235 (size before relaxing)
 .debug_str     0x00000b31       0xda CMakeFiles/oled.elf.dir/Core/Src/stm32f1xx_it.c.obj
                                0x266 (size before relaxing)
 .debug_str     0x00000c0b       0xa1 CMakeFiles/oled.elf.dir/Core/Src/system_stm32f1xx.c.obj
                                0x298 (size before relaxing)
 .debug_str     0x00000cac      0x24b CMakeFiles/oled.elf.dir/Core/Src/usart.c.obj
                                0x704 (size before relaxing)
 .debug_str     0x00000ef7       0x59 CMakeFiles/oled.elf.dir/Core/Startup/startup_stm32f103c8tx.s.obj
                                 0x91 (size before relaxing)
 .debug_str     0x00000f50      0x61b CMakeFiles/oled.elf.dir/Drivers/STM32F1xx_HAL_Driver/Src/stm32f1xx_hal.c.obj
                                0x868 (size before relaxing)
 .debug_str     0x0000156b      0x3f2 CMakeFiles/oled.elf.dir/Drivers/STM32F1xx_HAL_Driver/Src/stm32f1xx_hal_cortex.c.obj
                                0x917 (size before relaxing)
 .debug_str     0x0000195d      0x18a CMakeFiles/oled.elf.dir/Drivers/STM32F1xx_HAL_Driver/Src/stm32f1xx_hal_gpio.c.obj
                                0x444 (size before relaxing)
 .debug_str     0x00001ae7      0x912 CMakeFiles/oled.elf.dir/Drivers/STM32F1xx_HAL_Driver/Src/stm32f1xx_hal_i2c.c.obj
                               0x1009 (size before relaxing)
 .debug_str     0x000023f9      0x1f7 CMakeFiles/oled.elf.dir/Drivers/STM32F1xx_HAL_Driver/Src/stm32f1xx_hal_rcc.c.obj
                                0x66f (size before relaxing)
 .debug_str     0x000025f0      0x656 CMakeFiles/oled.elf.dir/Drivers/STM32F1xx_HAL_Driver/Src/stm32f1xx_hal_uart.c.obj
                                0xd38 (size before relaxing)

.comment        0x00000000       0x49
 .comment       0x00000000       0x49 CMakeFiles/oled.elf.dir/Core/Src/font.c.obj
                                 0x4a (size before relaxing)
 .comment       0x00000049       0x4a CMakeFiles/oled.elf.dir/Core/Src/gpio.c.obj
 .comment       0x00000049       0x4a CMakeFiles/oled.elf.dir/Core/Src/i2c.c.obj
 .comment       0x00000049       0x4a CMakeFiles/oled.elf.dir/Core/Src/main.c.obj
 .comment       0x00000049       0x4a CMakeFiles/oled.elf.dir/Core/Src/oled.c.obj
 .comment       0x00000049       0x4a CMakeFiles/oled.elf.dir/Core/Src/stm32f1xx_hal_msp.c.obj
 .comment       0x00000049       0x4a CMakeFiles/oled.elf.dir/Core/Src/stm32f1xx_it.c.obj
 .comment       0x00000049       0x4a CMakeFiles/oled.elf.dir/Core/Src/system_stm32f1xx.c.obj
 .comment       0x00000049       0x4a CMakeFiles/oled.elf.dir/Core/Src/usart.c.obj
 .comment       0x00000049       0x4a CMakeFiles/oled.elf.dir/Drivers/STM32F1xx_HAL_Driver/Src/stm32f1xx_hal.c.obj
 .comment       0x00000049       0x4a CMakeFiles/oled.elf.dir/Drivers/STM32F1xx_HAL_Driver/Src/stm32f1xx_hal_cortex.c.obj
 .comment       0x00000049       0x4a CMakeFiles/oled.elf.dir/Drivers/STM32F1xx_HAL_Driver/Src/stm32f1xx_hal_gpio.c.obj
 .comment       0x00000049       0x4a CMakeFiles/oled.elf.dir/Drivers/STM32F1xx_HAL_Driver/Src/stm32f1xx_hal_i2c.c.obj
 .comment       0x00000049       0x4a CMakeFiles/oled.elf.dir/Drivers/STM32F1xx_HAL_Driver/Src/stm32f1xx_hal_rcc.c.obj
 .comment       0x00000049       0x4a CMakeFiles/oled.elf.dir/Drivers/STM32F1xx_HAL_Driver/Src/stm32f1xx_hal_uart.c.obj

.debug_ranges   0x00000000      0x950
 .debug_ranges  0x00000000       0x10 CMakeFiles/oled.elf.dir/Core/Src/gpio.c.obj
 .debug_ranges  0x00000010       0x20 CMakeFiles/oled.elf.dir/Core/Src/i2c.c.obj
 .debug_ranges  0x00000030       0x20 CMakeFiles/oled.elf.dir/Core/Src/main.c.obj
 .debug_ranges  0x00000050       0xf0 CMakeFiles/oled.elf.dir/Core/Src/oled.c.obj
 .debug_ranges  0x00000140       0x10 CMakeFiles/oled.elf.dir/Core/Src/stm32f1xx_hal_msp.c.obj
 .debug_ranges  0x00000150       0x50 CMakeFiles/oled.elf.dir/Core/Src/stm32f1xx_it.c.obj
 .debug_ranges  0x000001a0       0x18 CMakeFiles/oled.elf.dir/Core/Src/system_stm32f1xx.c.obj
 .debug_ranges  0x000001b8       0x20 CMakeFiles/oled.elf.dir/Core/Src/usart.c.obj
 .debug_ranges  0x000001d8       0x20 CMakeFiles/oled.elf.dir/Core/Startup/startup_stm32f103c8tx.s.obj
 .debug_ranges  0x000001f8       0xd0 CMakeFiles/oled.elf.dir/Drivers/STM32F1xx_HAL_Driver/Src/stm32f1xx_hal.c.obj
 .debug_ranges  0x000002c8       0xe0 CMakeFiles/oled.elf.dir/Drivers/STM32F1xx_HAL_Driver/Src/stm32f1xx_hal_cortex.c.obj
 .debug_ranges  0x000003a8       0x48 CMakeFiles/oled.elf.dir/Drivers/STM32F1xx_HAL_Driver/Src/stm32f1xx_hal_gpio.c.obj
 .debug_ranges  0x000003f0      0x2b0 CMakeFiles/oled.elf.dir/Drivers/STM32F1xx_HAL_Driver/Src/stm32f1xx_hal_i2c.c.obj
 .debug_ranges  0x000006a0       0xa0 CMakeFiles/oled.elf.dir/Drivers/STM32F1xx_HAL_Driver/Src/stm32f1xx_hal_rcc.c.obj
 .debug_ranges  0x00000740      0x210 CMakeFiles/oled.elf.dir/Drivers/STM32F1xx_HAL_Driver/Src/stm32f1xx_hal_uart.c.obj

.debug_frame    0x00000000     0x1ad4
 .debug_frame   0x00000000       0x28 CMakeFiles/oled.elf.dir/Core/Src/gpio.c.obj
 .debug_frame   0x00000028       0x60 CMakeFiles/oled.elf.dir/Core/Src/i2c.c.obj
 .debug_frame   0x00000088       0x58 CMakeFiles/oled.elf.dir/Core/Src/main.c.obj
 .debug_frame   0x000000e0      0x200 CMakeFiles/oled.elf.dir/Core/Src/oled.c.obj
 .debug_frame   0x000002e0       0x28 CMakeFiles/oled.elf.dir/Core/Src/stm32f1xx_hal_msp.c.obj
 .debug_frame   0x00000308       0xa8 CMakeFiles/oled.elf.dir/Core/Src/stm32f1xx_it.c.obj
 .debug_frame   0x000003b0       0x30 CMakeFiles/oled.elf.dir/Core/Src/system_stm32f1xx.c.obj
 .debug_frame   0x000003e0       0x60 CMakeFiles/oled.elf.dir/Core/Src/usart.c.obj
 .debug_frame   0x00000440      0x1cc CMakeFiles/oled.elf.dir/Drivers/STM32F1xx_HAL_Driver/Src/stm32f1xx_hal.c.obj
 .debug_frame   0x0000060c      0x118 CMakeFiles/oled.elf.dir/Drivers/STM32F1xx_HAL_Driver/Src/stm32f1xx_hal_cortex.c.obj
 .debug_frame   0x00000724       0xe4 CMakeFiles/oled.elf.dir/Drivers/STM32F1xx_HAL_Driver/Src/stm32f1xx_hal_gpio.c.obj
 .debug_frame   0x00000808      0x984 CMakeFiles/oled.elf.dir/Drivers/STM32F1xx_HAL_Driver/Src/stm32f1xx_hal_i2c.c.obj
 .debug_frame   0x0000118c      0x184 CMakeFiles/oled.elf.dir/Drivers/STM32F1xx_HAL_Driver/Src/stm32f1xx_hal_rcc.c.obj
 .debug_frame   0x00001310      0x5d8 CMakeFiles/oled.elf.dir/Drivers/STM32F1xx_HAL_Driver/Src/stm32f1xx_hal_uart.c.obj
 .debug_frame   0x000018e8       0x2c e:/workspace/clion/gcc-arm-none-eabi-10.3-2021.10/bin/../lib/gcc/arm-none-eabi/10.3.1/../../../../arm-none-eabi/lib/thumb/v7-m/nofp\libg.a(lib_a-init.o)
 .debug_frame   0x00001914       0x2c e:/workspace/clion/gcc-arm-none-eabi-10.3-2021.10/bin/../lib/gcc/arm-none-eabi/10.3.1/../../../../arm-none-eabi/lib/thumb/v7-m/nofp\libg.a(lib_a-memset.o)
 .debug_frame   0x00001940       0x5c e:/workspace/clion/gcc-arm-none-eabi-10.3-2021.10/bin/../lib/gcc/arm-none-eabi/10.3.1/../../../../arm-none-eabi/lib/thumb/v7-m/nofp\libg.a(lib_a-__call_atexit.o)
 .debug_frame   0x0000199c       0x20 e:/workspace/clion/gcc-arm-none-eabi-10.3-2021.10/bin/../lib/gcc/arm-none-eabi/10.3.1/../../../../arm-none-eabi/lib/thumb/v7-m/nofp\libg.a(lib_a-atexit.o)
 .debug_frame   0x000019bc       0x34 e:/workspace/clion/gcc-arm-none-eabi-10.3-2021.10/bin/../lib/gcc/arm-none-eabi/10.3.1/../../../../arm-none-eabi/lib/thumb/v7-m/nofp\libg.a(lib_a-fini.o)
 .debug_frame   0x000019f0       0xb0 e:/workspace/clion/gcc-arm-none-eabi-10.3-2021.10/bin/../lib/gcc/arm-none-eabi/10.3.1/../../../../arm-none-eabi/lib/thumb/v7-m/nofp\libg.a(lib_a-lock.o)
 .debug_frame   0x00001aa0       0x34 e:/workspace/clion/gcc-arm-none-eabi-10.3-2021.10/bin/../lib/gcc/arm-none-eabi/10.3.1/../../../../arm-none-eabi/lib/thumb/v7-m/nofp\libg.a(lib_a-__atexit.o)

.debug_loc      0x00000000     0xa865
 .debug_loc     0x00000000       0x67 CMakeFiles/oled.elf.dir/Core/Src/i2c.c.obj
 .debug_loc     0x00000067      0x941 CMakeFiles/oled.elf.dir/Core/Src/oled.c.obj
 .debug_loc     0x000009a8       0xff CMakeFiles/oled.elf.dir/Core/Src/system_stm32f1xx.c.obj
 .debug_loc     0x00000aa7       0x84 CMakeFiles/oled.elf.dir/Core/Src/usart.c.obj
 .debug_loc     0x00000b2b      0x141 CMakeFiles/oled.elf.dir/Drivers/STM32F1xx_HAL_Driver/Src/stm32f1xx_hal.c.obj
 .debug_loc     0x00000c6c      0x71f CMakeFiles/oled.elf.dir/Drivers/STM32F1xx_HAL_Driver/Src/stm32f1xx_hal_cortex.c.obj
 .debug_loc     0x0000138b      0x47d CMakeFiles/oled.elf.dir/Drivers/STM32F1xx_HAL_Driver/Src/stm32f1xx_hal_gpio.c.obj
 .debug_loc     0x00001808     0x41ca CMakeFiles/oled.elf.dir/Drivers/STM32F1xx_HAL_Driver/Src/stm32f1xx_hal_i2c.c.obj
 .debug_loc     0x000059d2      0x618 CMakeFiles/oled.elf.dir/Drivers/STM32F1xx_HAL_Driver/Src/stm32f1xx_hal_rcc.c.obj
 .debug_loc     0x00005fea     0x487b CMakeFiles/oled.elf.dir/Drivers/STM32F1xx_HAL_Driver/Src/stm32f1xx_hal_uart.c.obj
